ERROR:mdb.async_client:init connection error
ERROR:mdb.async_client:[Errno 111] Connect call failed ('127.0.0.1', 62000)
INFO:mdb.async_client:Attempt 0 to connect to exchange server.
INFO:mdb.async_client:sleeping for 1s
ERROR:mdb.async_client:init connection error
ERROR:mdb.async_client:[Errno 111] Connect call failed ('127.0.0.1', 62000)
INFO:mdb.async_client:Attempt 1 to connect to exchange server.
INFO:mdb.async_client:sleeping for 1s
ERROR:mdb.async_client:init connection error
ERROR:mdb.async_client:[Errno 111] Connect call failed ('127.0.0.1', 62000)
INFO:mdb.async_client:Attempt 2 to connect to exchange server.
INFO:mdb.async_client:sleeping for 1s
ERROR:mdb.mdb_attach:couldn't connect to exchange server at 127.0.0.1:62000.
